{
    "1 sample - 1 bed, fasta, fai, [], []": {
        "content": [
            {
                "0": [
                    [
                        {
                            "id": "test:md5,d41d8cd98f00b204e9800998ecf8427e",
                            "single_end": false
                        },
                        "test_norm_singlesample.vcf.gz:md5,8d1b64c0eed7eb66dd3294fcbc15b4a1"
                    ]
                ],
                "1": [
                    [
                        {
                            "id": "test:md5,d41d8cd98f00b204e9800998ecf8427e",
                            "single_end": false
                        },
                        "test_norm_singlesample.vcf.gz.tbi:md5,41ab8f51ac55e08b2339feb5a6b40764"
                    ]
                ],
                "2": [
                    [
                        {
                            "id": "genome.bed",
                            "project": null,
                            "contains_affected": false
                        },
                        "genome.bed.vcf:md5,195426ebd583896115fcf78bfecbd9f2"
                    ]
                ],
                "3": [
                    
                ],
                "4": [
                    "versions.yml:md5,0ca81f5e441a48c6c650a07c7045ed34",
                    "versions.yml:md5,13101c9283d4a82e859574b0a981311c",
                    "versions.yml:md5,4cc3d41c069a8739916c98834c001f7a",
                    "versions.yml:md5,77dbd5f16ae8b59d09563a07be6faa44",
                    "versions.yml:md5,7d9ebdfc24f293b07e70dd2d18f44022",
                    "versions.yml:md5,afe349eb9156445b91cacdcfaabcf43d",
                    "versions.yml:md5,dce103ef6b2f37c6844db8191418b9e6"
                ],
                "combined_bcf": [
                    [
                        {
                            "id": "genome.bed",
                            "project": null,
                            "contains_affected": false
                        },
                        "genome.bed.vcf:md5,195426ebd583896115fcf78bfecbd9f2"
                    ]
                ],
                "combined_csi": [
                    
                ],
                "snp_calls_tbi": [
                    [
                        {
                            "id": "test:md5,d41d8cd98f00b204e9800998ecf8427e",
                            "single_end": false
                        },
                        "test_norm_singlesample.vcf.gz.tbi:md5,41ab8f51ac55e08b2339feb5a6b40764"
                    ]
                ],
                "snp_calls_vcf": [
                    [
                        {
                            "id": "test:md5,d41d8cd98f00b204e9800998ecf8427e",
                            "single_end": false
                        },
                        "test_norm_singlesample.vcf.gz:md5,8d1b64c0eed7eb66dd3294fcbc15b4a1"
                    ]
                ],
                "versions": [
                    "versions.yml:md5,0ca81f5e441a48c6c650a07c7045ed34",
                    "versions.yml:md5,13101c9283d4a82e859574b0a981311c",
                    "versions.yml:md5,4cc3d41c069a8739916c98834c001f7a",
                    "versions.yml:md5,77dbd5f16ae8b59d09563a07be6faa44",
                    "versions.yml:md5,7d9ebdfc24f293b07e70dd2d18f44022",
                    "versions.yml:md5,afe349eb9156445b91cacdcfaabcf43d",
                    "versions.yml:md5,dce103ef6b2f37c6844db8191418b9e6"
                ]
            }
        ],
        "meta": {
            "nf-test": "0.9.0",
            "nextflow": "24.04.4"
        },
        "timestamp": "2024-09-30T17:03:05.925109487"
    },
    "1 sample - 2 bed, fasta, fai, bed, [] - stub": {
        "content": [
            {
                "0": [
                    [
                        {
                            "id": "test:md5,d41d8cd98f00b204e9800998ecf8427e",
                            "single_end": false
                        },
                        "test_norm_singlesample.vcf.gz:md5,68b329da9893e34099c7d8ad5cb9c940"
                    ]
                ],
                "1": [
                    [
                        {
                            "id": "test:md5,d41d8cd98f00b204e9800998ecf8427e",
                            "single_end": false
                        },
                        "test_norm_singlesample.vcf.gz.tbi:md5,d41d8cd98f00b204e9800998ecf8427e"
                    ]
                ],
                "2": [
                    [
                        {
                            "id": "genome.bed",
                            "project": null,
                            "contains_affected": false
                        },
                        "genome.bed.vcf:md5,d41d8cd98f00b204e9800998ecf8427e"
                    ],
                    [
                        {
                            "id": "genome.multi_intervals.bed",
                            "project": null,
                            "contains_affected": false
                        },
                        "genome.multi_intervals.bed.vcf:md5,d41d8cd98f00b204e9800998ecf8427e"
                    ]
                ],
                "3": [
                    
                ],
                "4": [
                    "versions.yml:md5,0ca81f5e441a48c6c650a07c7045ed34",
                    "versions.yml:md5,0ca81f5e441a48c6c650a07c7045ed34",
                    "versions.yml:md5,13101c9283d4a82e859574b0a981311c",
                    "versions.yml:md5,13101c9283d4a82e859574b0a981311c",
                    "versions.yml:md5,4cc3d41c069a8739916c98834c001f7a",
                    "versions.yml:md5,4cc3d41c069a8739916c98834c001f7a",
                    "versions.yml:md5,77dbd5f16ae8b59d09563a07be6faa44",
                    "versions.yml:md5,7d9ebdfc24f293b07e70dd2d18f44022",
                    "versions.yml:md5,afe349eb9156445b91cacdcfaabcf43d",
                    "versions.yml:md5,afe349eb9156445b91cacdcfaabcf43d",
                    "versions.yml:md5,dce103ef6b2f37c6844db8191418b9e6",
                    "versions.yml:md5,dce103ef6b2f37c6844db8191418b9e6"
                ],
                "combined_bcf": [
                    [
                        {
                            "id": "genome.bed",
                            "project": null,
                            "contains_affected": false
                        },
                        "genome.bed.vcf:md5,d41d8cd98f00b204e9800998ecf8427e"
                    ],
                    [
                        {
                            "id": "genome.multi_intervals.bed",
                            "project": null,
                            "contains_affected": false
                        },
                        "genome.multi_intervals.bed.vcf:md5,d41d8cd98f00b204e9800998ecf8427e"
                    ]
                ],
                "combined_csi": [
                    
                ],
                "snp_calls_tbi": [
                    [
                        {
                            "id": "test:md5,d41d8cd98f00b204e9800998ecf8427e",
                            "single_end": false
                        },
                        "test_norm_singlesample.vcf.gz.tbi:md5,d41d8cd98f00b204e9800998ecf8427e"
                    ]
                ],
                "snp_calls_vcf": [
                    [
                        {
                            "id": "test:md5,d41d8cd98f00b204e9800998ecf8427e",
                            "single_end": false
                        },
                        "test_norm_singlesample.vcf.gz:md5,68b329da9893e34099c7d8ad5cb9c940"
                    ]
                ],
                "versions": [
                    "versions.yml:md5,0ca81f5e441a48c6c650a07c7045ed34",
                    "versions.yml:md5,0ca81f5e441a48c6c650a07c7045ed34",
                    "versions.yml:md5,13101c9283d4a82e859574b0a981311c",
                    "versions.yml:md5,13101c9283d4a82e859574b0a981311c",
                    "versions.yml:md5,4cc3d41c069a8739916c98834c001f7a",
                    "versions.yml:md5,4cc3d41c069a8739916c98834c001f7a",
                    "versions.yml:md5,77dbd5f16ae8b59d09563a07be6faa44",
                    "versions.yml:md5,7d9ebdfc24f293b07e70dd2d18f44022",
                    "versions.yml:md5,afe349eb9156445b91cacdcfaabcf43d",
                    "versions.yml:md5,afe349eb9156445b91cacdcfaabcf43d",
                    "versions.yml:md5,dce103ef6b2f37c6844db8191418b9e6",
                    "versions.yml:md5,dce103ef6b2f37c6844db8191418b9e6"
                ]
            }
        ],
        "meta": {
            "nf-test": "0.9.0",
            "nextflow": "24.04.4"
        },
        "timestamp": "2024-09-30T17:06:03.701088344"
    },
    "1 sample - 1 bed, fasta, fai, bed, []": {
        "content": [
            {
                "0": [
                    [
                        {
                            "id": "test:md5,d41d8cd98f00b204e9800998ecf8427e",
                            "single_end": false
                        },
                        "test_norm_singlesample.vcf.gz:md5,8d1b64c0eed7eb66dd3294fcbc15b4a1"
                    ]
                ],
                "1": [
                    [
                        {
                            "id": "test:md5,d41d8cd98f00b204e9800998ecf8427e",
                            "single_end": false
                        },
                        "test_norm_singlesample.vcf.gz.tbi:md5,41ab8f51ac55e08b2339feb5a6b40764"
                    ]
                ],
                "2": [
                    [
                        {
                            "id": "genome.bed",
                            "project": null,
                            "contains_affected": false
                        },
                        "genome.bed.vcf:md5,a8cfb08bd72ca1dca39a99af02552f78"
                    ]
                ],
                "3": [
                    
                ],
                "4": [
                    "versions.yml:md5,0ca81f5e441a48c6c650a07c7045ed34",
                    "versions.yml:md5,13101c9283d4a82e859574b0a981311c",
                    "versions.yml:md5,4cc3d41c069a8739916c98834c001f7a",
                    "versions.yml:md5,77dbd5f16ae8b59d09563a07be6faa44",
                    "versions.yml:md5,7d9ebdfc24f293b07e70dd2d18f44022",
                    "versions.yml:md5,afe349eb9156445b91cacdcfaabcf43d",
                    "versions.yml:md5,dce103ef6b2f37c6844db8191418b9e6"
                ],
                "combined_bcf": [
                    [
                        {
                            "id": "genome.bed",
                            "project": null,
                            "contains_affected": false
                        },
                        "genome.bed.vcf:md5,a8cfb08bd72ca1dca39a99af02552f78"
                    ]
                ],
                "combined_csi": [
                    
                ],
                "snp_calls_tbi": [
                    [
                        {
                            "id": "test:md5,d41d8cd98f00b204e9800998ecf8427e",
                            "single_end": false
                        },
                        "test_norm_singlesample.vcf.gz.tbi:md5,41ab8f51ac55e08b2339feb5a6b40764"
                    ]
                ],
                "snp_calls_vcf": [
                    [
                        {
                            "id": "test:md5,d41d8cd98f00b204e9800998ecf8427e",
                            "single_end": false
                        },
                        "test_norm_singlesample.vcf.gz:md5,8d1b64c0eed7eb66dd3294fcbc15b4a1"
                    ]
                ],
                "versions": [
                    "versions.yml:md5,0ca81f5e441a48c6c650a07c7045ed34",
                    "versions.yml:md5,13101c9283d4a82e859574b0a981311c",
                    "versions.yml:md5,4cc3d41c069a8739916c98834c001f7a",
                    "versions.yml:md5,77dbd5f16ae8b59d09563a07be6faa44",
                    "versions.yml:md5,7d9ebdfc24f293b07e70dd2d18f44022",
                    "versions.yml:md5,afe349eb9156445b91cacdcfaabcf43d",
                    "versions.yml:md5,dce103ef6b2f37c6844db8191418b9e6"
                ]
            }
        ],
        "meta": {
            "nf-test": "0.9.0",
            "nextflow": "24.04.4"
        },
        "timestamp": "2024-09-30T17:03:36.103723597"
    },
    "2 samples - 2 bed, fasta, fai, bed, par_bed": {
        "content": [
            {
                "0": [
                    [
                        {
                            "id": "test:md5,d41d8cd98f00b204e9800998ecf8427e",
                            "single_end": false
                        },
                        "test_norm_singlesample.vcf.gz:md5,f8e492c9c4d6e0cb027b300bb3f7155a"
                    ],
                    [
                        {
                            "id": "test2",
                            "single_end": false
                        },
                        "test2_norm_singlesample.vcf.gz:md5,0e42833e64e0f427ca09259e17e2765b"
                    ]
                ],
                "1": [
                    [
                        {
                            "id": "test:md5,d41d8cd98f00b204e9800998ecf8427e",
                            "single_end": false
                        },
                        "test_norm_singlesample.vcf.gz.tbi:md5,f1d5f7e2321e7f0534d251c12b373221"
                    ],
                    [
                        {
                            "id": "test2",
                            "single_end": false
                        },
                        "test2_norm_singlesample.vcf.gz.tbi:md5,2c4354a182ae1f4ad94f056b2fbf62a8"
                    ]
                ],
                "2": [
                    [
                        {
                            "id": "genome.bed",
                            "project": null,
                            "contains_affected": false
                        },
                        "genome.bed.vcf:md5,efe87d13cb4f51b7b6c53597a6ab6344"
                    ],
                    [
                        {
                            "id": "genome.multi_intervals.bed",
                            "project": null,
                            "contains_affected": false
                        },
                        "genome.multi_intervals.bed.vcf:md5,2435f30765448e54b9424af279915e24"
                    ]
                ],
                "3": [
                    
                ],
                "4": [
                    "versions.yml:md5,0ca81f5e441a48c6c650a07c7045ed34",
                    "versions.yml:md5,0ca81f5e441a48c6c650a07c7045ed34",
                    "versions.yml:md5,13101c9283d4a82e859574b0a981311c",
                    "versions.yml:md5,13101c9283d4a82e859574b0a981311c",
                    "versions.yml:md5,13101c9283d4a82e859574b0a981311c",
                    "versions.yml:md5,13101c9283d4a82e859574b0a981311c",
                    "versions.yml:md5,4cc3d41c069a8739916c98834c001f7a",
                    "versions.yml:md5,4cc3d41c069a8739916c98834c001f7a",
                    "versions.yml:md5,77dbd5f16ae8b59d09563a07be6faa44",
                    "versions.yml:md5,77dbd5f16ae8b59d09563a07be6faa44",
                    "versions.yml:md5,7d9ebdfc24f293b07e70dd2d18f44022",
                    "versions.yml:md5,7d9ebdfc24f293b07e70dd2d18f44022",
                    "versions.yml:md5,afe349eb9156445b91cacdcfaabcf43d",
                    "versions.yml:md5,afe349eb9156445b91cacdcfaabcf43d",
                    "versions.yml:md5,dce103ef6b2f37c6844db8191418b9e6",
                    "versions.yml:md5,dce103ef6b2f37c6844db8191418b9e6"
                ],
                "combined_bcf": [
                    [
                        {
                            "id": "genome.bed",
                            "project": null,
                            "contains_affected": false
                        },
                        "genome.bed.vcf:md5,efe87d13cb4f51b7b6c53597a6ab6344"
                    ],
                    [
                        {
                            "id": "genome.multi_intervals.bed",
                            "project": null,
                            "contains_affected": false
                        },
                        "genome.multi_intervals.bed.vcf:md5,2435f30765448e54b9424af279915e24"
                    ]
                ],
                "combined_csi": [
                    
                ],
                "snp_calls_tbi": [
                    [
                        {
                            "id": "test:md5,d41d8cd98f00b204e9800998ecf8427e",
                            "single_end": false
                        },
                        "test_norm_singlesample.vcf.gz.tbi:md5,f1d5f7e2321e7f0534d251c12b373221"
                    ],
                    [
                        {
                            "id": "test2",
                            "single_end": false
                        },
                        "test2_norm_singlesample.vcf.gz.tbi:md5,2c4354a182ae1f4ad94f056b2fbf62a8"
                    ]
                ],
                "snp_calls_vcf": [
                    [
                        {
                            "id": "test:md5,d41d8cd98f00b204e9800998ecf8427e",
                            "single_end": false
                        },
                        "test_norm_singlesample.vcf.gz:md5,f8e492c9c4d6e0cb027b300bb3f7155a"
                    ],
                    [
                        {
                            "id": "test2",
                            "single_end": false
                        },
                        "test2_norm_singlesample.vcf.gz:md5,0e42833e64e0f427ca09259e17e2765b"
                    ]
                ],
                "versions": [
                    "versions.yml:md5,0ca81f5e441a48c6c650a07c7045ed34",
                    "versions.yml:md5,0ca81f5e441a48c6c650a07c7045ed34",
                    "versions.yml:md5,13101c9283d4a82e859574b0a981311c",
                    "versions.yml:md5,13101c9283d4a82e859574b0a981311c",
                    "versions.yml:md5,13101c9283d4a82e859574b0a981311c",
                    "versions.yml:md5,13101c9283d4a82e859574b0a981311c",
                    "versions.yml:md5,4cc3d41c069a8739916c98834c001f7a",
                    "versions.yml:md5,4cc3d41c069a8739916c98834c001f7a",
                    "versions.yml:md5,77dbd5f16ae8b59d09563a07be6faa44",
                    "versions.yml:md5,77dbd5f16ae8b59d09563a07be6faa44",
                    "versions.yml:md5,7d9ebdfc24f293b07e70dd2d18f44022",
                    "versions.yml:md5,7d9ebdfc24f293b07e70dd2d18f44022",
                    "versions.yml:md5,afe349eb9156445b91cacdcfaabcf43d",
                    "versions.yml:md5,afe349eb9156445b91cacdcfaabcf43d",
                    "versions.yml:md5,dce103ef6b2f37c6844db8191418b9e6",
                    "versions.yml:md5,dce103ef6b2f37c6844db8191418b9e6"
                ]
            }
        ],
        "meta": {
            "nf-test": "0.9.0",
            "nextflow": "24.04.4"
        },
        "timestamp": "2024-09-30T17:05:17.87353547"
    },
    "2 samples - 2 bed, fasta, fai, bed, [] - stub": {
        "content": [
            {
                "0": [
                    [
                        {
                            "id": "test:md5,d41d8cd98f00b204e9800998ecf8427e",
                            "single_end": false
                        },
                        "test_norm_singlesample.vcf.gz:md5,68b329da9893e34099c7d8ad5cb9c940"
                    ],
                    [
                        {
                            "id": "test2",
                            "single_end": false
                        },
                        "test2_norm_singlesample.vcf.gz:md5,68b329da9893e34099c7d8ad5cb9c940"
                    ]
                ],
                "1": [
                    [
                        {
                            "id": "test:md5,d41d8cd98f00b204e9800998ecf8427e",
                            "single_end": false
                        },
                        "test_norm_singlesample.vcf.gz.tbi:md5,d41d8cd98f00b204e9800998ecf8427e"
                    ],
                    [
                        {
                            "id": "test2",
                            "single_end": false
                        },
                        "test2_norm_singlesample.vcf.gz.tbi:md5,d41d8cd98f00b204e9800998ecf8427e"
                    ]
                ],
                "2": [
                    [
                        {
                            "id": "genome.bed",
                            "project": null,
                            "contains_affected": false
                        },
                        "genome.bed.vcf:md5,d41d8cd98f00b204e9800998ecf8427e"
                    ],
                    [
                        {
                            "id": "genome.multi_intervals.bed",
                            "project": null,
                            "contains_affected": false
                        },
                        "genome.multi_intervals.bed.vcf:md5,d41d8cd98f00b204e9800998ecf8427e"
                    ]
                ],
                "3": [
                    
                ],
                "4": [
                    "versions.yml:md5,0ca81f5e441a48c6c650a07c7045ed34",
                    "versions.yml:md5,0ca81f5e441a48c6c650a07c7045ed34",
                    "versions.yml:md5,13101c9283d4a82e859574b0a981311c",
                    "versions.yml:md5,13101c9283d4a82e859574b0a981311c",
                    "versions.yml:md5,13101c9283d4a82e859574b0a981311c",
                    "versions.yml:md5,13101c9283d4a82e859574b0a981311c",
                    "versions.yml:md5,4cc3d41c069a8739916c98834c001f7a",
                    "versions.yml:md5,4cc3d41c069a8739916c98834c001f7a",
                    "versions.yml:md5,77dbd5f16ae8b59d09563a07be6faa44",
                    "versions.yml:md5,77dbd5f16ae8b59d09563a07be6faa44",
                    "versions.yml:md5,7d9ebdfc24f293b07e70dd2d18f44022",
                    "versions.yml:md5,7d9ebdfc24f293b07e70dd2d18f44022",
                    "versions.yml:md5,afe349eb9156445b91cacdcfaabcf43d",
                    "versions.yml:md5,afe349eb9156445b91cacdcfaabcf43d",
                    "versions.yml:md5,dce103ef6b2f37c6844db8191418b9e6",
                    "versions.yml:md5,dce103ef6b2f37c6844db8191418b9e6"
                ],
                "combined_bcf": [
                    [
                        {
                            "id": "genome.bed",
                            "project": null,
                            "contains_affected": false
                        },
                        "genome.bed.vcf:md5,d41d8cd98f00b204e9800998ecf8427e"
                    ],
                    [
                        {
                            "id": "genome.multi_intervals.bed",
                            "project": null,
                            "contains_affected": false
                        },
                        "genome.multi_intervals.bed.vcf:md5,d41d8cd98f00b204e9800998ecf8427e"
                    ]
                ],
                "combined_csi": [
                    
                ],
                "snp_calls_tbi": [
                    [
                        {
                            "id": "test:md5,d41d8cd98f00b204e9800998ecf8427e",
                            "single_end": false
                        },
                        "test_norm_singlesample.vcf.gz.tbi:md5,d41d8cd98f00b204e9800998ecf8427e"
                    ],
                    [
                        {
                            "id": "test2",
                            "single_end": false
                        },
                        "test2_norm_singlesample.vcf.gz.tbi:md5,d41d8cd98f00b204e9800998ecf8427e"
                    ]
                ],
                "snp_calls_vcf": [
                    [
                        {
                            "id": "test:md5,d41d8cd98f00b204e9800998ecf8427e",
                            "single_end": false
                        },
                        "test_norm_singlesample.vcf.gz:md5,68b329da9893e34099c7d8ad5cb9c940"
                    ],
                    [
                        {
                            "id": "test2",
                            "single_end": false
                        },
                        "test2_norm_singlesample.vcf.gz:md5,68b329da9893e34099c7d8ad5cb9c940"
                    ]
                ],
                "versions": [
                    "versions.yml:md5,0ca81f5e441a48c6c650a07c7045ed34",
                    "versions.yml:md5,0ca81f5e441a48c6c650a07c7045ed34",
                    "versions.yml:md5,13101c9283d4a82e859574b0a981311c",
                    "versions.yml:md5,13101c9283d4a82e859574b0a981311c",
                    "versions.yml:md5,13101c9283d4a82e859574b0a981311c",
                    "versions.yml:md5,13101c9283d4a82e859574b0a981311c",
                    "versions.yml:md5,4cc3d41c069a8739916c98834c001f7a",
                    "versions.yml:md5,4cc3d41c069a8739916c98834c001f7a",
                    "versions.yml:md5,77dbd5f16ae8b59d09563a07be6faa44",
                    "versions.yml:md5,77dbd5f16ae8b59d09563a07be6faa44",
                    "versions.yml:md5,7d9ebdfc24f293b07e70dd2d18f44022",
                    "versions.yml:md5,7d9ebdfc24f293b07e70dd2d18f44022",
                    "versions.yml:md5,afe349eb9156445b91cacdcfaabcf43d",
                    "versions.yml:md5,afe349eb9156445b91cacdcfaabcf43d",
                    "versions.yml:md5,dce103ef6b2f37c6844db8191418b9e6",
                    "versions.yml:md5,dce103ef6b2f37c6844db8191418b9e6"
                ]
            }
        ],
        "meta": {
            "nf-test": "0.9.0",
            "nextflow": "24.04.4"
        },
        "timestamp": "2024-09-30T17:06:16.544937179"
    },
    "2 samples - 2 bed, fasta, fai, bed, par_bed - stub": {
        "content": [
            {
                "0": [
                    [
                        {
                            "id": "test:md5,d41d8cd98f00b204e9800998ecf8427e",
                            "single_end": false
                        },
                        "test_norm_singlesample.vcf.gz:md5,68b329da9893e34099c7d8ad5cb9c940"
                    ],
                    [
                        {
                            "id": "test2",
                            "single_end": false
                        },
                        "test2_norm_singlesample.vcf.gz:md5,68b329da9893e34099c7d8ad5cb9c940"
                    ]
                ],
                "1": [
                    [
                        {
                            "id": "test:md5,d41d8cd98f00b204e9800998ecf8427e",
                            "single_end": false
                        },
                        "test_norm_singlesample.vcf.gz.tbi:md5,d41d8cd98f00b204e9800998ecf8427e"
                    ],
                    [
                        {
                            "id": "test2",
                            "single_end": false
                        },
                        "test2_norm_singlesample.vcf.gz.tbi:md5,d41d8cd98f00b204e9800998ecf8427e"
                    ]
                ],
                "2": [
                    [
                        {
                            "id": "genome.bed",
                            "project": null,
                            "contains_affected": false
                        },
                        "genome.bed.vcf:md5,d41d8cd98f00b204e9800998ecf8427e"
                    ],
                    [
                        {
                            "id": "genome.multi_intervals.bed",
                            "project": null,
                            "contains_affected": false
                        },
                        "genome.multi_intervals.bed.vcf:md5,d41d8cd98f00b204e9800998ecf8427e"
                    ]
                ],
                "3": [
                    
                ],
                "4": [
                    "versions.yml:md5,0ca81f5e441a48c6c650a07c7045ed34",
                    "versions.yml:md5,0ca81f5e441a48c6c650a07c7045ed34",
                    "versions.yml:md5,13101c9283d4a82e859574b0a981311c",
                    "versions.yml:md5,13101c9283d4a82e859574b0a981311c",
                    "versions.yml:md5,13101c9283d4a82e859574b0a981311c",
                    "versions.yml:md5,13101c9283d4a82e859574b0a981311c",
                    "versions.yml:md5,4cc3d41c069a8739916c98834c001f7a",
                    "versions.yml:md5,4cc3d41c069a8739916c98834c001f7a",
                    "versions.yml:md5,77dbd5f16ae8b59d09563a07be6faa44",
                    "versions.yml:md5,77dbd5f16ae8b59d09563a07be6faa44",
                    "versions.yml:md5,7d9ebdfc24f293b07e70dd2d18f44022",
                    "versions.yml:md5,7d9ebdfc24f293b07e70dd2d18f44022",
                    "versions.yml:md5,afe349eb9156445b91cacdcfaabcf43d",
                    "versions.yml:md5,afe349eb9156445b91cacdcfaabcf43d",
                    "versions.yml:md5,dce103ef6b2f37c6844db8191418b9e6",
                    "versions.yml:md5,dce103ef6b2f37c6844db8191418b9e6"
                ],
                "combined_bcf": [
                    [
                        {
                            "id": "genome.bed",
                            "project": null,
                            "contains_affected": false
                        },
                        "genome.bed.vcf:md5,d41d8cd98f00b204e9800998ecf8427e"
                    ],
                    [
                        {
                            "id": "genome.multi_intervals.bed",
                            "project": null,
                            "contains_affected": false
                        },
                        "genome.multi_intervals.bed.vcf:md5,d41d8cd98f00b204e9800998ecf8427e"
                    ]
                ],
                "combined_csi": [
                    
                ],
                "snp_calls_tbi": [
                    [
                        {
                            "id": "test:md5,d41d8cd98f00b204e9800998ecf8427e",
                            "single_end": false
                        },
                        "test_norm_singlesample.vcf.gz.tbi:md5,d41d8cd98f00b204e9800998ecf8427e"
                    ],
                    [
                        {
                            "id": "test2",
                            "single_end": false
                        },
                        "test2_norm_singlesample.vcf.gz.tbi:md5,d41d8cd98f00b204e9800998ecf8427e"
                    ]
                ],
                "snp_calls_vcf": [
                    [
                        {
                            "id": "test:md5,d41d8cd98f00b204e9800998ecf8427e",
                            "single_end": false
                        },
                        "test_norm_singlesample.vcf.gz:md5,68b329da9893e34099c7d8ad5cb9c940"
                    ],
                    [
                        {
                            "id": "test2",
                            "single_end": false
                        },
                        "test2_norm_singlesample.vcf.gz:md5,68b329da9893e34099c7d8ad5cb9c940"
                    ]
                ],
                "versions": [
                    "versions.yml:md5,0ca81f5e441a48c6c650a07c7045ed34",
                    "versions.yml:md5,0ca81f5e441a48c6c650a07c7045ed34",
                    "versions.yml:md5,13101c9283d4a82e859574b0a981311c",
                    "versions.yml:md5,13101c9283d4a82e859574b0a981311c",
                    "versions.yml:md5,13101c9283d4a82e859574b0a981311c",
                    "versions.yml:md5,13101c9283d4a82e859574b0a981311c",
                    "versions.yml:md5,4cc3d41c069a8739916c98834c001f7a",
                    "versions.yml:md5,4cc3d41c069a8739916c98834c001f7a",
                    "versions.yml:md5,77dbd5f16ae8b59d09563a07be6faa44",
                    "versions.yml:md5,77dbd5f16ae8b59d09563a07be6faa44",
                    "versions.yml:md5,7d9ebdfc24f293b07e70dd2d18f44022",
                    "versions.yml:md5,7d9ebdfc24f293b07e70dd2d18f44022",
                    "versions.yml:md5,afe349eb9156445b91cacdcfaabcf43d",
                    "versions.yml:md5,afe349eb9156445b91cacdcfaabcf43d",
                    "versions.yml:md5,dce103ef6b2f37c6844db8191418b9e6",
                    "versions.yml:md5,dce103ef6b2f37c6844db8191418b9e6"
                ]
            }
        ],
        "meta": {
            "nf-test": "0.9.0",
            "nextflow": "24.04.4"
        },
        "timestamp": "2024-09-30T17:06:30.332393829"
    },
    "1 sample - 1 bed, fasta, fai, bed, [] - stub": {
        "content": [
            {
                "0": [
                    [
                        {
                            "id": "test:md5,d41d8cd98f00b204e9800998ecf8427e",
                            "single_end": false
                        },
                        "test_norm_singlesample.vcf.gz:md5,68b329da9893e34099c7d8ad5cb9c940"
                    ]
                ],
                "1": [
                    [
                        {
                            "id": "test:md5,d41d8cd98f00b204e9800998ecf8427e",
                            "single_end": false
                        },
                        "test_norm_singlesample.vcf.gz.tbi:md5,d41d8cd98f00b204e9800998ecf8427e"
                    ]
                ],
                "2": [
                    [
                        {
                            "id": "genome.bed",
                            "project": null,
                            "contains_affected": false
                        },
                        "genome.bed.vcf:md5,d41d8cd98f00b204e9800998ecf8427e"
                    ]
                ],
                "3": [
                    
                ],
                "4": [
                    "versions.yml:md5,0ca81f5e441a48c6c650a07c7045ed34",
                    "versions.yml:md5,13101c9283d4a82e859574b0a981311c",
                    "versions.yml:md5,4cc3d41c069a8739916c98834c001f7a",
                    "versions.yml:md5,77dbd5f16ae8b59d09563a07be6faa44",
                    "versions.yml:md5,7d9ebdfc24f293b07e70dd2d18f44022",
                    "versions.yml:md5,afe349eb9156445b91cacdcfaabcf43d",
                    "versions.yml:md5,dce103ef6b2f37c6844db8191418b9e6"
                ],
                "combined_bcf": [
                    [
                        {
                            "id": "genome.bed",
                            "project": null,
                            "contains_affected": false
                        },
                        "genome.bed.vcf:md5,d41d8cd98f00b204e9800998ecf8427e"
                    ]
                ],
                "combined_csi": [
                    
                ],
                "snp_calls_tbi": [
                    [
                        {
                            "id": "test:md5,d41d8cd98f00b204e9800998ecf8427e",
                            "single_end": false
                        },
                        "test_norm_singlesample.vcf.gz.tbi:md5,d41d8cd98f00b204e9800998ecf8427e"
                    ]
                ],
                "snp_calls_vcf": [
                    [
                        {
                            "id": "test:md5,d41d8cd98f00b204e9800998ecf8427e",
                            "single_end": false
                        },
                        "test_norm_singlesample.vcf.gz:md5,68b329da9893e34099c7d8ad5cb9c940"
                    ]
                ],
                "versions": [
                    "versions.yml:md5,0ca81f5e441a48c6c650a07c7045ed34",
                    "versions.yml:md5,13101c9283d4a82e859574b0a981311c",
                    "versions.yml:md5,4cc3d41c069a8739916c98834c001f7a",
                    "versions.yml:md5,77dbd5f16ae8b59d09563a07be6faa44",
                    "versions.yml:md5,7d9ebdfc24f293b07e70dd2d18f44022",
                    "versions.yml:md5,afe349eb9156445b91cacdcfaabcf43d",
                    "versions.yml:md5,dce103ef6b2f37c6844db8191418b9e6"
                ]
            }
        ],
        "meta": {
            "nf-test": "0.9.0",
            "nextflow": "24.04.4"
        },
        "timestamp": "2024-09-30T17:05:51.82583086"
    },
    "1 sample - no bed, fasta, fai, [], []": {
        "content": [
            {
                "0": [
                    [
                        {
                            "id": "test:md5,d41d8cd98f00b204e9800998ecf8427e",
                            "single_end": false
                        },
                        "test_norm_singlesample.vcf.gz:md5,8d1b64c0eed7eb66dd3294fcbc15b4a1"
                    ]
                ],
                "1": [
                    [
                        {
                            "id": "test:md5,d41d8cd98f00b204e9800998ecf8427e",
                            "single_end": false
                        },
                        "test_norm_singlesample.vcf.gz.tbi:md5,41ab8f51ac55e08b2339feb5a6b40764"
                    ]
                ],
                "2": [
                    [
                        {
                            "id": [
                                
                            ],
                            "project": null,
                            "contains_affected": false
                        },
                        "[].vcf:md5,fcb10632a4ceb256d57fd4236f8a3190"
                    ]
                ],
                "3": [
                    
                ],
                "4": [
                    "versions.yml:md5,0ca81f5e441a48c6c650a07c7045ed34",
                    "versions.yml:md5,13101c9283d4a82e859574b0a981311c",
                    "versions.yml:md5,4cc3d41c069a8739916c98834c001f7a",
                    "versions.yml:md5,77dbd5f16ae8b59d09563a07be6faa44",
                    "versions.yml:md5,7d9ebdfc24f293b07e70dd2d18f44022",
                    "versions.yml:md5,afe349eb9156445b91cacdcfaabcf43d",
                    "versions.yml:md5,dce103ef6b2f37c6844db8191418b9e6"
                ],
                "combined_bcf": [
                    [
                        {
                            "id": [
                                
                            ],
                            "project": null,
                            "contains_affected": false
                        },
                        "[].vcf:md5,fcb10632a4ceb256d57fd4236f8a3190"
                    ]
                ],
                "combined_csi": [
                    
                ],
                "snp_calls_tbi": [
                    [
                        {
                            "id": "test:md5,d41d8cd98f00b204e9800998ecf8427e",
                            "single_end": false
                        },
                        "test_norm_singlesample.vcf.gz.tbi:md5,41ab8f51ac55e08b2339feb5a6b40764"
                    ]
                ],
                "snp_calls_vcf": [
                    [
                        {
                            "id": "test:md5,d41d8cd98f00b204e9800998ecf8427e",
                            "single_end": false
                        },
                        "test_norm_singlesample.vcf.gz:md5,8d1b64c0eed7eb66dd3294fcbc15b4a1"
                    ]
                ],
                "versions": [
                    "versions.yml:md5,0ca81f5e441a48c6c650a07c7045ed34",
                    "versions.yml:md5,13101c9283d4a82e859574b0a981311c",
                    "versions.yml:md5,4cc3d41c069a8739916c98834c001f7a",
                    "versions.yml:md5,77dbd5f16ae8b59d09563a07be6faa44",
                    "versions.yml:md5,7d9ebdfc24f293b07e70dd2d18f44022",
                    "versions.yml:md5,afe349eb9156445b91cacdcfaabcf43d",
                    "versions.yml:md5,dce103ef6b2f37c6844db8191418b9e6"
                ]
            }
        ],
        "meta": {
            "nf-test": "0.9.0",
            "nextflow": "24.04.4"
        },
        "timestamp": "2024-09-30T17:02:35.747524869"
    },
    "1 sample - 2 bed, fasta, fai, bed, []": {
        "content": [
            {
                "0": [
                    [
                        {
                            "id": "test:md5,d41d8cd98f00b204e9800998ecf8427e",
                            "single_end": false
                        },
                        "test_norm_singlesample.vcf.gz:md5,f8e492c9c4d6e0cb027b300bb3f7155a"
                    ]
                ],
                "1": [
                    [
                        {
                            "id": "test:md5,d41d8cd98f00b204e9800998ecf8427e",
                            "single_end": false
                        },
                        "test_norm_singlesample.vcf.gz.tbi:md5,f1d5f7e2321e7f0534d251c12b373221"
                    ]
                ],
                "2": [
                    [
                        {
                            "id": "genome.bed",
                            "project": null,
                            "contains_affected": false
                        },
                        "genome.bed.vcf:md5,3692bd9a29e5c3713ae518b98eb90047"
                    ],
                    [
                        {
                            "id": "genome.multi_intervals.bed",
                            "project": null,
                            "contains_affected": false
                        },
                        "genome.multi_intervals.bed.vcf:md5,4e4abf52206e56a463a4493c02ba828b"
                    ]
                ],
                "3": [
                    
                ],
                "4": [
                    "versions.yml:md5,0ca81f5e441a48c6c650a07c7045ed34",
                    "versions.yml:md5,0ca81f5e441a48c6c650a07c7045ed34",
                    "versions.yml:md5,13101c9283d4a82e859574b0a981311c",
                    "versions.yml:md5,13101c9283d4a82e859574b0a981311c",
                    "versions.yml:md5,4cc3d41c069a8739916c98834c001f7a",
                    "versions.yml:md5,4cc3d41c069a8739916c98834c001f7a",
                    "versions.yml:md5,77dbd5f16ae8b59d09563a07be6faa44",
                    "versions.yml:md5,7d9ebdfc24f293b07e70dd2d18f44022",
                    "versions.yml:md5,afe349eb9156445b91cacdcfaabcf43d",
                    "versions.yml:md5,afe349eb9156445b91cacdcfaabcf43d",
                    "versions.yml:md5,dce103ef6b2f37c6844db8191418b9e6",
                    "versions.yml:md5,dce103ef6b2f37c6844db8191418b9e6"
                ],
                "combined_bcf": [
                    [
                        {
                            "id": "genome.bed",
                            "project": null,
                            "contains_affected": false
                        },
                        "genome.bed.vcf:md5,3692bd9a29e5c3713ae518b98eb90047"
                    ],
                    [
                        {
                            "id": "genome.multi_intervals.bed",
                            "project": null,
                            "contains_affected": false
                        },
                        "genome.multi_intervals.bed.vcf:md5,4e4abf52206e56a463a4493c02ba828b"
                    ]
                ],
                "combined_csi": [
                    
                ],
                "snp_calls_tbi": [
                    [
                        {
                            "id": "test:md5,d41d8cd98f00b204e9800998ecf8427e",
                            "single_end": false
                        },
                        "test_norm_singlesample.vcf.gz.tbi:md5,f1d5f7e2321e7f0534d251c12b373221"
                    ]
                ],
                "snp_calls_vcf": [
                    [
                        {
                            "id": "test:md5,d41d8cd98f00b204e9800998ecf8427e",
                            "single_end": false
                        },
                        "test_norm_singlesample.vcf.gz:md5,f8e492c9c4d6e0cb027b300bb3f7155a"
                    ]
                ],
                "versions": [
                    "versions.yml:md5,0ca81f5e441a48c6c650a07c7045ed34",
                    "versions.yml:md5,0ca81f5e441a48c6c650a07c7045ed34",
                    "versions.yml:md5,13101c9283d4a82e859574b0a981311c",
                    "versions.yml:md5,13101c9283d4a82e859574b0a981311c",
                    "versions.yml:md5,4cc3d41c069a8739916c98834c001f7a",
                    "versions.yml:md5,4cc3d41c069a8739916c98834c001f7a",
                    "versions.yml:md5,77dbd5f16ae8b59d09563a07be6faa44",
                    "versions.yml:md5,7d9ebdfc24f293b07e70dd2d18f44022",
                    "versions.yml:md5,afe349eb9156445b91cacdcfaabcf43d",
                    "versions.yml:md5,afe349eb9156445b91cacdcfaabcf43d",
                    "versions.yml:md5,dce103ef6b2f37c6844db8191418b9e6",
                    "versions.yml:md5,dce103ef6b2f37c6844db8191418b9e6"
                ]
            }
        ],
        "meta": {
            "nf-test": "0.9.0",
            "nextflow": "24.04.4"
        },
        "timestamp": "2024-09-30T17:04:08.234122862"
    },
    "2 samples - 2 bed, fasta, fai, bed, []": {
        "content": [
            {
                "0": [
                    [
                        {
                            "id": "test:md5,d41d8cd98f00b204e9800998ecf8427e",
                            "single_end": false
                        },
                        "test_norm_singlesample.vcf.gz:md5,f8e492c9c4d6e0cb027b300bb3f7155a"
                    ],
                    [
                        {
                            "id": "test2",
                            "single_end": false
                        },
                        "test2_norm_singlesample.vcf.gz:md5,0e42833e64e0f427ca09259e17e2765b"
                    ]
                ],
                "1": [
                    [
                        {
                            "id": "test:md5,d41d8cd98f00b204e9800998ecf8427e",
                            "single_end": false
                        },
                        "test_norm_singlesample.vcf.gz.tbi:md5,f1d5f7e2321e7f0534d251c12b373221"
                    ],
                    [
                        {
                            "id": "test2",
                            "single_end": false
                        },
                        "test2_norm_singlesample.vcf.gz.tbi:md5,2c4354a182ae1f4ad94f056b2fbf62a8"
                    ]
                ],
                "2": [
                    [
                        {
                            "id": "genome.bed",
                            "project": null,
                            "contains_affected": false
                        },
                        "genome.bed.vcf:md5,8dd91642bfacdbb5bceb2eab9ee0f512"
                    ],
                    [
                        {
                            "id": "genome.multi_intervals.bed",
                            "project": null,
                            "contains_affected": false
                        },
                        "genome.multi_intervals.bed.vcf:md5,3dff9972ea420f7940226f4fe51d76a8"
                    ]
                ],
                "3": [
                    
                ],
                "4": [
                    "versions.yml:md5,0ca81f5e441a48c6c650a07c7045ed34",
                    "versions.yml:md5,0ca81f5e441a48c6c650a07c7045ed34",
                    "versions.yml:md5,13101c9283d4a82e859574b0a981311c",
                    "versions.yml:md5,13101c9283d4a82e859574b0a981311c",
                    "versions.yml:md5,13101c9283d4a82e859574b0a981311c",
                    "versions.yml:md5,13101c9283d4a82e859574b0a981311c",
                    "versions.yml:md5,4cc3d41c069a8739916c98834c001f7a",
                    "versions.yml:md5,4cc3d41c069a8739916c98834c001f7a",
                    "versions.yml:md5,77dbd5f16ae8b59d09563a07be6faa44",
                    "versions.yml:md5,77dbd5f16ae8b59d09563a07be6faa44",
                    "versions.yml:md5,7d9ebdfc24f293b07e70dd2d18f44022",
                    "versions.yml:md5,7d9ebdfc24f293b07e70dd2d18f44022",
                    "versions.yml:md5,afe349eb9156445b91cacdcfaabcf43d",
                    "versions.yml:md5,afe349eb9156445b91cacdcfaabcf43d",
                    "versions.yml:md5,dce103ef6b2f37c6844db8191418b9e6",
                    "versions.yml:md5,dce103ef6b2f37c6844db8191418b9e6"
                ],
                "combined_bcf": [
                    [
                        {
                            "id": "genome.bed",
                            "project": null,
                            "contains_affected": false
                        },
                        "genome.bed.vcf:md5,8dd91642bfacdbb5bceb2eab9ee0f512"
                    ],
                    [
                        {
                            "id": "genome.multi_intervals.bed",
                            "project": null,
                            "contains_affected": false
                        },
                        "genome.multi_intervals.bed.vcf:md5,3dff9972ea420f7940226f4fe51d76a8"
                    ]
                ],
                "combined_csi": [
                    
                ],
                "snp_calls_tbi": [
                    [
                        {
                            "id": "test:md5,d41d8cd98f00b204e9800998ecf8427e",
                            "single_end": false
                        },
                        "test_norm_singlesample.vcf.gz.tbi:md5,f1d5f7e2321e7f0534d251c12b373221"
                    ],
                    [
                        {
                            "id": "test2",
                            "single_end": false
                        },
                        "test2_norm_singlesample.vcf.gz.tbi:md5,2c4354a182ae1f4ad94f056b2fbf62a8"
                    ]
                ],
                "snp_calls_vcf": [
                    [
                        {
                            "id": "test:md5,d41d8cd98f00b204e9800998ecf8427e",
                            "single_end": false
                        },
                        "test_norm_singlesample.vcf.gz:md5,f8e492c9c4d6e0cb027b300bb3f7155a"
                    ],
                    [
                        {
                            "id": "test2",
                            "single_end": false
                        },
                        "test2_norm_singlesample.vcf.gz:md5,0e42833e64e0f427ca09259e17e2765b"
                    ]
                ],
                "versions": [
                    "versions.yml:md5,0ca81f5e441a48c6c650a07c7045ed34",
                    "versions.yml:md5,0ca81f5e441a48c6c650a07c7045ed34",
                    "versions.yml:md5,13101c9283d4a82e859574b0a981311c",
                    "versions.yml:md5,13101c9283d4a82e859574b0a981311c",
                    "versions.yml:md5,13101c9283d4a82e859574b0a981311c",
                    "versions.yml:md5,13101c9283d4a82e859574b0a981311c",
                    "versions.yml:md5,4cc3d41c069a8739916c98834c001f7a",
                    "versions.yml:md5,4cc3d41c069a8739916c98834c001f7a",
                    "versions.yml:md5,77dbd5f16ae8b59d09563a07be6faa44",
                    "versions.yml:md5,77dbd5f16ae8b59d09563a07be6faa44",
                    "versions.yml:md5,7d9ebdfc24f293b07e70dd2d18f44022",
                    "versions.yml:md5,7d9ebdfc24f293b07e70dd2d18f44022",
                    "versions.yml:md5,afe349eb9156445b91cacdcfaabcf43d",
                    "versions.yml:md5,afe349eb9156445b91cacdcfaabcf43d",
                    "versions.yml:md5,dce103ef6b2f37c6844db8191418b9e6",
                    "versions.yml:md5,dce103ef6b2f37c6844db8191418b9e6"
                ]
            }
        ],
        "meta": {
            "nf-test": "0.9.0",
            "nextflow": "24.04.4"
        },
        "timestamp": "2024-09-30T17:04:42.797584189"
    },
    "1 sample - no bed, fasta, fai, [], [] - stub": {
        "content": [
            {
                "0": [
                    [
                        {
                            "id": "test:md5,d41d8cd98f00b204e9800998ecf8427e",
                            "single_end": false
                        },
                        "test_norm_singlesample.vcf.gz:md5,68b329da9893e34099c7d8ad5cb9c940"
                    ]
                ],
                "1": [
                    [
                        {
                            "id": "test:md5,d41d8cd98f00b204e9800998ecf8427e",
                            "single_end": false
                        },
                        "test_norm_singlesample.vcf.gz.tbi:md5,d41d8cd98f00b204e9800998ecf8427e"
                    ]
                ],
                "2": [
                    [
                        {
                            "id": [
                                
                            ],
                            "project": null,
                            "contains_affected": false
                        },
                        "[].vcf:md5,d41d8cd98f00b204e9800998ecf8427e"
                    ]
                ],
                "3": [
                    
                ],
                "4": [
                    "versions.yml:md5,0ca81f5e441a48c6c650a07c7045ed34",
                    "versions.yml:md5,13101c9283d4a82e859574b0a981311c",
                    "versions.yml:md5,4cc3d41c069a8739916c98834c001f7a",
                    "versions.yml:md5,77dbd5f16ae8b59d09563a07be6faa44",
                    "versions.yml:md5,7d9ebdfc24f293b07e70dd2d18f44022",
                    "versions.yml:md5,afe349eb9156445b91cacdcfaabcf43d",
                    "versions.yml:md5,dce103ef6b2f37c6844db8191418b9e6"
                ],
                "combined_bcf": [
                    [
                        {
                            "id": [
                                
                            ],
                            "project": null,
                            "contains_affected": false
                        },
                        "[].vcf:md5,d41d8cd98f00b204e9800998ecf8427e"
                    ]
                ],
                "combined_csi": [
                    
                ],
                "snp_calls_tbi": [
                    [
                        {
                            "id": "test:md5,d41d8cd98f00b204e9800998ecf8427e",
                            "single_end": false
                        },
                        "test_norm_singlesample.vcf.gz.tbi:md5,d41d8cd98f00b204e9800998ecf8427e"
                    ]
                ],
                "snp_calls_vcf": [
                    [
                        {
                            "id": "test:md5,d41d8cd98f00b204e9800998ecf8427e",
                            "single_end": false
                        },
                        "test_norm_singlesample.vcf.gz:md5,68b329da9893e34099c7d8ad5cb9c940"
                    ]
                ],
                "versions": [
                    "versions.yml:md5,0ca81f5e441a48c6c650a07c7045ed34",
                    "versions.yml:md5,13101c9283d4a82e859574b0a981311c",
                    "versions.yml:md5,4cc3d41c069a8739916c98834c001f7a",
                    "versions.yml:md5,77dbd5f16ae8b59d09563a07be6faa44",
                    "versions.yml:md5,7d9ebdfc24f293b07e70dd2d18f44022",
                    "versions.yml:md5,afe349eb9156445b91cacdcfaabcf43d",
                    "versions.yml:md5,dce103ef6b2f37c6844db8191418b9e6"
                ]
            }
        ],
        "meta": {
            "nf-test": "0.9.0",
            "nextflow": "24.04.4"
        },
        "timestamp": "2024-09-30T17:05:29.041813359"
    },
    "1 sample - 1 bed, fasta, fai, [], [] - stub": {
        "content": [
            {
                "0": [
                    [
                        {
                            "id": "test:md5,d41d8cd98f00b204e9800998ecf8427e",
                            "single_end": false
                        },
                        "test_norm_singlesample.vcf.gz:md5,68b329da9893e34099c7d8ad5cb9c940"
                    ]
                ],
                "1": [
                    [
                        {
                            "id": "test:md5,d41d8cd98f00b204e9800998ecf8427e",
                            "single_end": false
                        },
                        "test_norm_singlesample.vcf.gz.tbi:md5,d41d8cd98f00b204e9800998ecf8427e"
                    ]
                ],
                "2": [
                    [
                        {
                            "id": "genome.bed",
                            "project": null,
                            "contains_affected": false
                        },
                        "genome.bed.vcf:md5,d41d8cd98f00b204e9800998ecf8427e"
                    ]
                ],
                "3": [
                    
                ],
                "4": [
                    "versions.yml:md5,0ca81f5e441a48c6c650a07c7045ed34",
                    "versions.yml:md5,13101c9283d4a82e859574b0a981311c",
                    "versions.yml:md5,4cc3d41c069a8739916c98834c001f7a",
                    "versions.yml:md5,77dbd5f16ae8b59d09563a07be6faa44",
                    "versions.yml:md5,7d9ebdfc24f293b07e70dd2d18f44022",
                    "versions.yml:md5,afe349eb9156445b91cacdcfaabcf43d",
                    "versions.yml:md5,dce103ef6b2f37c6844db8191418b9e6"
                ],
                "combined_bcf": [
                    [
                        {
                            "id": "genome.bed",
                            "project": null,
                            "contains_affected": false
                        },
                        "genome.bed.vcf:md5,d41d8cd98f00b204e9800998ecf8427e"
                    ]
                ],
                "combined_csi": [
                    
                ],
                "snp_calls_tbi": [
                    [
                        {
                            "id": "test:md5,d41d8cd98f00b204e9800998ecf8427e",
                            "single_end": false
                        },
                        "test_norm_singlesample.vcf.gz.tbi:md5,d41d8cd98f00b204e9800998ecf8427e"
                    ]
                ],
                "snp_calls_vcf": [
                    [
                        {
                            "id": "test:md5,d41d8cd98f00b204e9800998ecf8427e",
                            "single_end": false
                        },
                        "test_norm_singlesample.vcf.gz:md5,68b329da9893e34099c7d8ad5cb9c940"
                    ]
                ],
                "versions": [
                    "versions.yml:md5,0ca81f5e441a48c6c650a07c7045ed34",
                    "versions.yml:md5,13101c9283d4a82e859574b0a981311c",
                    "versions.yml:md5,4cc3d41c069a8739916c98834c001f7a",
                    "versions.yml:md5,77dbd5f16ae8b59d09563a07be6faa44",
                    "versions.yml:md5,7d9ebdfc24f293b07e70dd2d18f44022",
                    "versions.yml:md5,afe349eb9156445b91cacdcfaabcf43d",
                    "versions.yml:md5,dce103ef6b2f37c6844db8191418b9e6"
                ]
            }
        ],
        "meta": {
            "nf-test": "0.9.0",
            "nextflow": "24.04.4"
        },
        "timestamp": "2024-09-30T17:05:40.537800823"
    }
}